=== FSDP CIFAR-10 Training on H100 ===
SLURM_JOB_NODELIST: gcn108
SLURM_PROCID: 0
Master node: gcn108:29500
Nodes: 1, Rank: 0, Procs/node: 1
Hostname: gcn108.local.snellius.surf.nl
World size: 1
Device: cuda (backend: nccl)
Batch size (per rank): 128
Effective batch size: 128
Epochs: 3, LR: 0.001
Max batches/epoch: 32
Output dir: /gpfs/work3/1/hpmlprjs/ESM2/esm2_github_repo/flower_cifar_multinode/output/fl_cifar10_training/round_3/client_0
/gpfs/work3/1/hpmlprjs/ESM2/esm2_github_repo/flower_cifar_multinode/cifar10/.venv/lib/python3.12/site-packages/torch/distributed/fsdp/fully_sharded_data_parallel.py:478: UserWarning: FSDP is switching to use `NO_SHARD` instead of ShardingStrategy.FULL_SHARD since the world size is 1.
  _init_core_state(
/gpfs/work3/1/hpmlprjs/ESM2/esm2_github_repo/flower_cifar_multinode/cifar10/.venv/lib/python3.12/site-packages/torch/distributed/fsdp/_init_utils.py:571: UserWarning: FSDP got the argument `device_id` cuda on rank 0, which does not have an explicit index. FSDP will use the current device 0. If this is incorrect, please explicitly call `torch.cuda.set_device()` before FSDP initialization or pass in the explicit device index as the `device_id` argument.
  device_from_device_id = _get_device_from_device_id(
/gpfs/work3/1/hpmlprjs/ESM2/esm2_github_repo/flower_cifar_multinode/cifar10/.venv/lib/python3.12/site-packages/torchvision/datasets/cifar.py:83: VisibleDeprecationWarning: dtype(): align should be passed as Python or NumPy boolean but got `align=0`. Did you mean to pass a tuple to create a subarray type? (Deprecated NumPy 2.4)
  entry = pickle.load(f, encoding="latin1")
/gpfs/work3/1/hpmlprjs/ESM2/esm2_github_repo/flower_cifar_multinode/cifar10/.venv/lib/python3.12/site-packages/torch/utils/_contextlib.py:124: UserWarning: When using ``NO_SHARD`` for ``ShardingStrategy``, full_state_dict willbe returned.
  return func(*args, **kwargs)
[Rank 0] Loaded model weights from /gpfs/work3/1/hpmlprjs/ESM2/esm2_github_repo/flower_cifar_multinode/output/fl_cifar10_training/round_3/client_0/global_weights.pt
Epoch 1/3
gcn108:1983129:1983368 [0] NCCL INFO ENV/Plugin: Could not find: libnccl-env.so
gcn108:1983129:1983368 [0] NCCL INFO Stack size limit (unlimited) is unsafe; will use 8192KB for newly launched threads
gcn108:1983129:1983368 [0] NCCL INFO NCCL_SOCKET_IFNAME set by environment to eno
gcn108:1983129:1983368 [0] NCCL INFO Bootstrap: Using eno2np0:172.18.62.108<0>
gcn108:1983129:1983368 [0] NCCL INFO cudaDriverVersion 13020
gcn108:1983129:1983368 [0] NCCL INFO NCCL version 2.28.9+cuda13.0
gcn108:1983129:1983368 [0] NCCL INFO Comm config Blocking set to 1
gcn108:1983129:1983368 [0] NCCL INFO NET/Plugin: Could not find: libnccl-net.so
gcn108:1983129:1983368 [0] NCCL INFO NCCL_SOCKET_IFNAME set by environment to eno
gcn108:1983129:1983368 [0] NCCL INFO NET/IB : Using [0]mlx5_0:1/RoCE [1]mlx5_2:1/IB [2]mlx5_3:1/IB [3]mlx5_4:1/IB [4]mlx5_5:1/IB [RO]; OOB eno2np0:172.18.62.108<0>
gcn108:1983129:1983368 [0] NCCL INFO Initialized NET plugin IB
gcn108:1983129:1983368 [0] NCCL INFO Assigned NET plugin IB to comm
gcn108:1983129:1983368 [0] NCCL INFO Assigned GIN plugin GIN_IB_GDAKI to comm
gcn108:1983129:1983368 [0] NCCL INFO Using network IB
gcn108:1983129:1983368 [0] NCCL INFO ncclCommInitRankConfig comm 0x149d9be216e0 rank 0 nranks 1 cudaDev 0 nvmlDev 0 busId 6000 commId 0xe9f042183de14b2b - Init START
gcn108:1983129:1983368 [0] NCCL INFO RAS client listening socket at ::1<28028>
gcn108:1983129:1983368 [0] NCCL INFO Bootstrap timings total 0.000806 (create 0.000051, send 0.000236, recv 0.000146, ring 0.000001, delay 0.000002)
gcn108:1983129:1983368 [0] NCCL INFO ncclTopoGetCpuAffinity: Affinity for GPU 0 is 16-31. (GPU affinity = 0-31 ; CPU affinity = 16-47).
gcn108:1983129:1983368 [0] NCCL INFO comm 0x149d9be216e0 rank 0 nRanks 1 nNodes 1 localRanks 1 localRank 0 MNNVL 0
gcn108:1983129:1983368 [0] NCCL INFO Channel 00/64 : 0
gcn108:1983129:1983368 [0] NCCL INFO Channel 01/64 : 0
gcn108:1983129:1983368 [0] NCCL INFO Channel 02/64 : 0
gcn108:1983129:1983368 [0] NCCL INFO Channel 03/64 : 0
gcn108:1983129:1983368 [0] NCCL INFO Channel 04/64 : 0
gcn108:1983129:1983368 [0] NCCL INFO Channel 05/64 : 0
gcn108:1983129:1983368 [0] NCCL INFO Channel 06/64 : 0
gcn108:1983129:1983368 [0] NCCL INFO Channel 07/64 : 0
gcn108:1983129:1983368 [0] NCCL INFO Channel 08/64 : 0
gcn108:1983129:1983368 [0] NCCL INFO Channel 09/64 : 0
gcn108:1983129:1983368 [0] NCCL INFO Channel 10/64 : 0
gcn108:1983129:1983368 [0] NCCL INFO Channel 11/64 : 0
gcn108:1983129:1983368 [0] NCCL INFO Channel 12/64 : 0
gcn108:1983129:1983368 [0] NCCL INFO Channel 13/64 : 0
gcn108:1983129:1983368 [0] NCCL INFO Channel 14/64 : 0
gcn108:1983129:1983368 [0] NCCL INFO Channel 15/64 : 0
gcn108:1983129:1983368 [0] NCCL INFO Channel 16/64 : 0
gcn108:1983129:1983368 [0] NCCL INFO Channel 17/64 : 0
gcn108:1983129:1983368 [0] NCCL INFO Channel 18/64 : 0
gcn108:1983129:1983368 [0] NCCL INFO Channel 19/64 : 0
gcn108:1983129:1983368 [0] NCCL INFO Channel 20/64 : 0
gcn108:1983129:1983368 [0] NCCL INFO Channel 21/64 : 0
gcn108:1983129:1983368 [0] NCCL INFO Channel 22/64 : 0
gcn108:1983129:1983368 [0] NCCL INFO Channel 23/64 : 0
gcn108:1983129:1983368 [0] NCCL INFO Channel 24/64 : 0
gcn108:1983129:1983368 [0] NCCL INFO Channel 25/64 : 0
gcn108:1983129:1983368 [0] NCCL INFO Channel 26/64 : 0
gcn108:1983129:1983368 [0] NCCL INFO Channel 27/64 : 0
gcn108:1983129:1983368 [0] NCCL INFO Channel 28/64 : 0
gcn108:1983129:1983368 [0] NCCL INFO Channel 29/64 : 0
gcn108:1983129:1983368 [0] NCCL INFO Channel 30/64 : 0
gcn108:1983129:1983368 [0] NCCL INFO Channel 31/64 : 0
gcn108:1983129:1983368 [0] NCCL INFO Channel 32/64 : 0
gcn108:1983129:1983368 [0] NCCL INFO Channel 33/64 : 0
gcn108:1983129:1983368 [0] NCCL INFO Channel 34/64 : 0
gcn108:1983129:1983368 [0] NCCL INFO Channel 35/64 : 0
gcn108:1983129:1983368 [0] NCCL INFO Channel 36/64 : 0
gcn108:1983129:1983368 [0] NCCL INFO Channel 37/64 : 0
gcn108:1983129:1983368 [0] NCCL INFO Channel 38/64 : 0
gcn108:1983129:1983368 [0] NCCL INFO Channel 39/64 : 0
gcn108:1983129:1983368 [0] NCCL INFO Channel 40/64 : 0
gcn108:1983129:1983368 [0] NCCL INFO Channel 41/64 : 0
gcn108:1983129:1983368 [0] NCCL INFO Channel 42/64 : 0
gcn108:1983129:1983368 [0] NCCL INFO Channel 43/64 : 0
gcn108:1983129:1983368 [0] NCCL INFO Channel 44/64 : 0
gcn108:1983129:1983368 [0] NCCL INFO Channel 45/64 : 0
gcn108:1983129:1983368 [0] NCCL INFO Channel 46/64 : 0
gcn108:1983129:1983368 [0] NCCL INFO Channel 47/64 : 0
gcn108:1983129:1983368 [0] NCCL INFO Channel 48/64 : 0
gcn108:1983129:1983368 [0] NCCL INFO Channel 49/64 : 0
gcn108:1983129:1983368 [0] NCCL INFO Channel 50/64 : 0
gcn108:1983129:1983368 [0] NCCL INFO Channel 51/64 : 0
gcn108:1983129:1983368 [0] NCCL INFO Channel 52/64 : 0
gcn108:1983129:1983368 [0] NCCL INFO Channel 53/64 : 0
gcn108:1983129:1983368 [0] NCCL INFO Channel 54/64 : 0
gcn108:1983129:1983368 [0] NCCL INFO Channel 55/64 : 0
gcn108:1983129:1983368 [0] NCCL INFO Channel 56/64 : 0
gcn108:1983129:1983368 [0] NCCL INFO Channel 57/64 : 0
gcn108:1983129:1983368 [0] NCCL INFO Channel 58/64 : 0
gcn108:1983129:1983368 [0] NCCL INFO Channel 59/64 : 0
gcn108:1983129:1983368 [0] NCCL INFO Channel 60/64 : 0
gcn108:1983129:1983368 [0] NCCL INFO Channel 61/64 : 0
gcn108:1983129:1983368 [0] NCCL INFO Channel 62/64 : 0
gcn108:1983129:1983368 [0] NCCL INFO Channel 63/64 : 0
gcn108:1983129:1983368 [0] NCCL INFO Trees [0] -1/-1/-1->0->-1 [1] -1/-1/-1->0->-1 [2] -1/-1/-1->0->-1 [3] -1/-1/-1->0->-1 [4] -1/-1/-1->0->-1 [5] -1/-1/-1->0->-1 [6] -1/-1/-1->0->-1 [7] -1/-1/-1->0->-1 [8] -1/-1/-1->0->-1 [9] -1/-1/-1->0->-1 [10] -1/-1/-1->0->-1 [11] -1/-1/-1->0->-1 [12] -1/-1/-1->0->-1 [13] -1/-1/-1->0->-1 [14] -1/-1/-1->0->-1 [15] -1/-1/-1->0->-1 [16] -1/-1/-1->0->-1 [17] -1/-1/-1->0->-1 [18] -1/-1/-1->0->-1 [19] -1/-1/-1->0->-1 [20] -1/-1/-1->0->-1 [21] -1/-1/-1->0->-1 [22] -1/-1/-1->0->-1 [23] -1/-1/-1->0->-1 [24] -1/-1/-1->0->-1 [25] -1/-1/-1->0->-1 [26] -1/-1/-1->0->-1 [27] -1/-1/-1->0->-1 [28] -1/-1/-1->0->-1 [29] -1/-1/-1->0->-1 [30] -1/-1/-1->0->-1 [31] -1/-1/-1->0->-1 [32] -1/-1/-1->0->-1 [33] -1/-1/-1->0->-1 [34] -1/-1/-1->0->-1 [35] -1/-1/-1->0->-1 [36] -1/-1/-1->0->-1 [37] -1/-1/-1->0->-1 [38] -1/-1/-1->0->-1 [39] -1/-1/-1->0->-1 [40] -1/-1/-1->0->-1 [41] -1/-1/-1->0->-1 [42] -1/-1/-1->0->-1 [43] -1/-1/-1->0->-1 [44] -1/-1/-1->0->-1 [45] -1/-1/-1->0->-1 [46] -1/-1/-1->0->-1 [47
gcn108:1983129:1983368 [0] NCCL INFO P2P Chunksize set to 524288
gcn108:1983129:1983368 [0] NCCL INFO PROFILER/Plugin: Could not find: libnccl-profiler.so
gcn108:1983129:1983368 [0] NCCL INFO Check P2P Type isAllDirectP2p 1 directMode 0 isAllCudaP2p 1
gcn108:1983129:1983377 [0] NCCL INFO [Proxy Service] Device 0 CPU core 24
gcn108:1983129:1983378 [0] NCCL INFO [Proxy Service UDS] Device 0 CPU core 31
gcn108:1983129:1983368 [0] NCCL INFO TUNER/Plugin: Could not find: libnccl-tuner.so
gcn108:1983129:1983368 [0] NCCL INFO 64 coll channels, 64 collnet channels, 0 nvls channels, 64 p2p channels, 64 p2p channels per peer
gcn108:1983129:1983368 [0] NCCL INFO CC Off, workFifoBytes 1048576
gcn108:1983129:1983368 [0] NCCL INFO ncclCommInitRankConfig comm 0x149d9be216e0 rank 0 nranks 1 cudaDev 0 nvmlDev 0 busId 6000 commId 0xe9f042183de14b2b - Init COMPLETE
gcn108:1983129:1983368 [0] NCCL INFO Init timings - ncclCommInitRankConfig: rank 0 nranks 1 total 0.33 (kernels 0.25, alloc 0.05, bootstrap 0.00, allgathers 0.00, topo 0.01, graphs 0.00, connections 0.02, rest 0.00)
/gpfs/work3/1/hpmlprjs/ESM2/esm2_github_repo/flower_cifar_multinode/cifar10/.venv/lib/python3.12/site-packages/torch/autograd/graph.py:869: UserWarning: The AccumulateGrad node's stream does not match the stream of the node that produced the incoming gradient. This may incur unnecessary synchronization and break CUDA graph capture if the AccumulateGrad node's stream is the default stream. This mismatch is caused by an AccumulateGrad node created prior to the current iteration being kept alive. This can happen if the autograd graph is still being kept alive by tensors such as the loss, or if you are using DDP, which will stash a reference to the node. To resolve the mismatch, delete all references to the autograd graph or ensure that DDP initialization is performed under the same stream as subsequent forwards. If the mismatch is intentional, you can use torch.autograd.graph.set_warn_on_accumulate_grad_stream_mismatch(False) to suppress this warning. (Triggered internally at /pytorch/torch/csrc/autograd/input_buffer.cpp:240.)
  return Variable._execution_engine.run_backward(  # Calls into the C++ engine to run the backward pass
  Loss: 1.5506 | Acc@1: 41.43%
  Test Loss: 1.5338 | Test Acc@1: 43.48%
Epoch 2/3
  Loss: 1.5079 | Acc@1: 44.04%
  Test Loss: 1.5681 | Test Acc@1: 41.14%
Epoch 3/3
  Loss: 1.4675 | Acc@1: 44.85%
  Test Loss: 1.4351 | Test Acc@1: 47.39%
/gpfs/work3/1/hpmlprjs/ESM2/esm2_github_repo/flower_cifar_multinode/cifar10/.venv/lib/python3.12/site-packages/torch/utils/_contextlib.py:124: UserWarning: When using ``NO_SHARD`` for ``ShardingStrategy``, full_state_dict will be returned.
  return func(*args, **kwargs)
[Rank 0] Checkpoint saved to /gpfs/work3/1/hpmlprjs/ESM2/esm2_github_repo/flower_cifar_multinode/output/fl_cifar10_training/round_3/client_0/checkpoint.pt
Training complete.
gcn108:1983129:1983129 [0] NCCL INFO comm 0x149d9be216e0 rank 0 nranks 1 cudaDev 0 busId 6000 - Destroy COMPLETE
gcn108:1983129:1983129 [0] NCCL INFO ENV/Plugin: Closing env plugin ncclEnvDefault
